{
  "decision": "OWNER_OVERRIDE",
  "override": {
    "readiness_decision": "NOT READY FOR KEREM",
    "overridden_blockers": [
      {
        "id": 2,
        "title": "current V1.1 is 307M-class architecture",
        "evidence": "UniversalOSFMV11 parameter_count.total=307668737; branch=kerem/v11-p4-patch-vicreg-trainer"
      },
      {
        "id": 4,
        "title": "P4/P4.8/10P training entrypoint and frozen config",
        "evidence": "config=configs/train/osfm/v11_p4_10p_829_semantic_candidate.yaml; protocol=configs/train/osfm/v11_p4_10p_3am_launch_protocol.yaml; formal_training_allowed=False; launch_command_registered=True; launch_is_preflight_only=False; reviewed_trainer_registered=False"
      },
      {
        "id": 8,
        "title": "checkpointing/resume and output directories",
        "evidence": "10P config declares checkpoint cadence and reload gates, but no formal trainer/resume implementation is registered."
      }
    ],
    "authorized_by": "Kerem (repository owner); reviewer Burak unavailable",
    "authorized_on": "2026-09-29",
    "reason": "reviewed trainer benchmarked NO-GO (val rank 4.06 < 75); Kerem variant trainer launched instead"
  }
}
╭───────────────────── Traceback (most recent call last) ──────────────────────╮
│ /home/kerem/conrad-v2/conrad/cli/commands.py:331 in                          │
│ train_osfm_v11_10p_launch                                                    │
│                                                                              │
│   328 │   │   raise typer.Exit(3)                                            │
│   329 │   from conrad.foundation.universal_v11.trainer import                │
│       run_v11_10p_training                                                   │
│   330 │                                                                      │
│ ❱ 331 │   result = run_v11_10p_training(                                     │
│   332 │   │   config_path=config,                                            │
│   333 │   │   readiness_path=readiness,                                      │
│   334 │   │   runs_root=runs_root,                                           │
│                                                                              │
│ /home/kerem/conrad-v2/conrad/foundation/universal_v11/trainer.py:610 in      │
│ run_v11_10p_training                                                         │
│                                                                              │
│   607 │   signal.signal(signal.SIGTERM, _on_sigterm)                         │
│   608 │   try:                                                               │
│   609 │   │   for step in range(start_step + 1, steps + 1):                  │
│ ❱ 610 │   │   │   model.train()                                              │
│   611 │   │   │   modality = "imaging_sonar" if step % 2 else "rgb_camera"   │
│   612 │   │   │   images, sample_ids = batcher.batch(modality, "train",      │
│       step)                                                                  │
│   613 │   │   │   train_sample_ids.update(sample_ids)                        │
│                                                                              │
│ /home/kerem/conrad-v2/.venv/lib/python3.11/site-packages/torch/nn/modules/mo │
│ dule.py:2843 in train                                                        │
│                                                                              │
│   2840 │   │   │   raise ValueError("training mode is expected to be         │
│        boolean")                                                             │
│   2841 │   │   self.training = mode                                          │
│   2842 │   │   for module in self.children():                                │
│ ❱ 2843 │   │   │   module.train(mode)                                        │
│   2844 │   │   return self                                                   │
│   2845 │                                                                     │
│   2846 │   def eval(self: T) -> T:                                           │
│                                                                              │
│ /home/kerem/conrad-v2/.venv/lib/python3.11/site-packages/torch/nn/modules/mo │
│ dule.py:2843 in train                                                        │
│                                                                              │
│   2840 │   │   │   raise ValueError("training mode is expected to be         │
│        boolean")                                                             │
│   2841 │   │   self.training = mode                                          │
│   2842 │   │   for module in self.children():                                │
│ ❱ 2843 │   │   │   module.train(mode)                                        │
│   2844 │   │   return self                                                   │
│   2845 │                                                                     │
│   2846 │   def eval(self: T) -> T:                                           │
│                                                                              │
│ /home/kerem/conrad-v2/.venv/lib/python3.11/site-packages/torch/nn/modules/mo │
│ dule.py:2843 in train                                                        │
│                                                                              │
│   2840 │   │   │   raise ValueError("training mode is expected to be         │
│        boolean")                                                             │
│   2841 │   │   self.training = mode                                          │
│   2842 │   │   for module in self.children():                                │
│ ❱ 2843 │   │   │   module.train(mode)                                        │
│   2844 │   │   return self                                                   │
│   2845 │                                                                     │
│   2846 │   def eval(self: T) -> T:                                           │
│                                                                              │
│ /home/kerem/conrad-v2/.venv/lib/python3.11/site-packages/torch/nn/modules/mo │
│ dule.py:2841 in train                                                        │
│                                                                              │
│   2838 │   │   """                                                           │
│   2839 │   │   if not isinstance(mode, bool):                                │
│   2840 │   │   │   raise ValueError("training mode is expected to be         │
│        boolean")                                                             │
│ ❱ 2841 │   │   self.training = mode                                          │
│   2842 │   │   for module in self.children():                                │
│   2843 │   │   │   module.train(mode)                                        │
│   2844 │   │   return self                                                   │
│                                                                              │
│ /home/kerem/conrad-v2/.venv/lib/python3.11/site-packages/torch/nn/modules/mo │
│ dule.py:1992 in __setattr__                                                  │
│                                                                              │
│   1989 │   │   │   │   modules[name] = value                                 │
│   1990 │   │   │   else:                                                     │
│   1991 │   │   │   │   buffers = self.__dict__.get("_buffers")               │
│ ❱ 1992 │   │   │   │   if isinstance(value, Buffer) or buffers is not None   │
│        and name in buffers:                                                  │
│   1993 │   │   │   │   │   if value is not None and not isinstance(value,    │
│        torch.Tensor):                                                        │
│   1994 │   │   │   │   │   │   raise TypeError(                              │
│   1995 │   │   │   │   │   │   │   f"cannot assign '{torch.typename(value)}' │
│        as buffer '{name}' "                                                  │
│                                                                              │
│ /home/kerem/conrad-v2/.venv/lib/python3.11/site-packages/torch/nn/parameter. │
│ py:216 in __instancecheck__                                                  │
│                                                                              │
│   213 # Metaclass to combine _TensorMeta and the instance check override for │
│       Buffer.                                                                │
│   214 class _BufferMeta(torch._C._TensorMeta):                               │
│   215 │   # Make `isinstance(t, Buffer)` return True for custom tensor       │
│       instances that have the _is_buffer flag.                               │
│ ❱ 216 │   def __instancecheck__(self, instance):                             │
│   217 │   │   if self is Buffer:                                             │
│   218 │   │   │   if isinstance(instance, torch.Tensor) and getattr(         │
│   219 │   │   │   │   instance, "_is_buffer", False                          │
│                                                                              │
│ /home/kerem/conrad-v2/conrad/foundation/universal_v11/trainer.py:603 in      │
│ _on_sigterm                                                                  │
│                                                                              │
│   600 │   t_last, step_last = t_start, start_step                            │
│   601 │                                                                      │
│   602 │   def _on_sigterm(signum: int, frame: Any) -> None:  # watchdog stop │
│       -> sealed FAILED run, not a torn one                                   │
│ ❱ 603 │   │   raise RuntimeError("terminated by SIGTERM (external            │
│       watchdog)")                                                            │
│   604 │                                                                      │
│   605 │   import signal                                                      │
│   606                                                                        │
╰──────────────────────────────────────────────────────────────────────────────╯
RuntimeError: terminated by SIGTERM (external watchdog)
