{
  "decision": "OWNER_OVERRIDE",
  "override": {
    "readiness_decision": "NOT READY FOR KEREM",
    "overridden_blockers": [
      {
        "id": 2,
        "title": "current V1.1 is 307M-class architecture",
        "evidence": "UniversalOSFMV11 parameter_count.total=307668737; branch=kerem/v11-p4-patch-vicreg-trainer"
      },
      {
        "id": 4,
        "title": "P4/P4.8/10P training entrypoint and frozen config",
        "evidence": "config=configs/train/osfm/v11_p4_10p_829_semantic_candidate.yaml; protocol=configs/train/osfm/v11_p4_10p_3am_launch_protocol.yaml; formal_training_allowed=False; launch_command_registered=True; launch_is_preflight_only=False; reviewed_trainer_registered=False"
      },
      {
        "id": 8,
        "title": "checkpointing/resume and output directories",
        "evidence": "10P config declares checkpoint cadence and reload gates, but no formal trainer/resume implementation is registered."
      }
    ],
    "authorized_by": "Kerem (repository owner); reviewer Burak unavailable",
    "authorized_on": "2026-09-29",
    "reason": "reviewed trainer benchmarked NO-GO (val rank 4.06 < 75); Kerem variant trainer launched instead"
  }
}
╭───────────────────── Traceback (most recent call last) ──────────────────────╮
│ /home/kerem/conrad-v2/conrad/cli/commands.py:331 in                          │
│ train_osfm_v11_10p_launch                                                    │
│                                                                              │
│   328 │   │   raise typer.Exit(3)                                            │
│   329 │   from conrad.foundation.universal_v11.trainer import                │
│       run_v11_10p_training                                                   │
│   330 │                                                                      │
│ ❱ 331 │   result = run_v11_10p_training(                                     │
│   332 │   │   config_path=config,                                            │
│   333 │   │   readiness_path=readiness,                                      │
│   334 │   │   runs_root=runs_root,                                           │
│                                                                              │
│ /home/kerem/conrad-v2/conrad/foundation/universal_v11/trainer.py:489 in      │
│ run_v11_10p_training                                                         │
│                                                                              │
│   486 │   try:                                                               │
│   487 │   │   for step in range(start_step + 1, steps + 1):                  │
│   488 │   │   │   model.train()                                              │
│ ❱ 489 │   │   │   images, sample_ids = batcher.batch("train", step)          │
│   490 │   │   │   train_sample_ids.update(sample_ids)                        │
│   491 │   │   │   z_a, z_b = _two_view_forward(images, step)                 │
│   492 │   │   │   terms = _vicreg_terms(z_a, z_b, rank_floor)                │
│                                                                              │
│ /home/kerem/conrad-v2/conrad/foundation/universal_v11/trainer.py:299 in      │
│ batch                                                                        │
│                                                                              │
│   296 │   │   order = torch.randperm(len(refs), generator=gen).tolist()      │
│   297 │   │   size = min(self.batch_size, len(order)) if distinct else       │
│       self.batch_size                                                        │
│   298 │   │   picks = [order[idx % len(order)] for idx in range(size)]       │
│ ❱ 299 │   │   images = self.frames[index[torch.tensor(picks,                 │
│       device=self.device)]].unsqueeze(1).float() / 255.0                     │
│   300 │   │   sample_ids = tuple(f"{refs[i][0]}:{refs[i][1].member}" for i   │
│       in picks)                                                              │
│   301 │   │   return images, sample_ids                                      │
│   302                                                                        │
│                                                                              │
│ /home/kerem/conrad-v2/conrad/foundation/universal_v11/trainer.py:481 in      │
│ _on_sigterm                                                                  │
│                                                                              │
│   478 │   t_last, step_last = t_start, start_step                            │
│   479 │                                                                      │
│   480 │   def _on_sigterm(signum: int, frame: Any) -> None:  # watchdog stop │
│       -> sealed FAILED run, not a torn one                                   │
│ ❱ 481 │   │   raise RuntimeError("terminated by SIGTERM (external            │
│       watchdog)")                                                            │
│   482 │                                                                      │
│   483 │   import signal                                                      │
│   484                                                                        │
╰──────────────────────────────────────────────────────────────────────────────╯
RuntimeError: terminated by SIGTERM (external watchdog)
