[#1e24c0 656KiB/26GiB(0%) CN:16 DL:1.2MiB ETA:6h8m55s]
[#1e24c0 12MiB/26GiB(0%) CN:16 DL:7.9MiB ETA:55m59s]
[#1e24c0 51MiB/26GiB(0%) CN:16 DL:20MiB ETA:22m5s]
[#1e24c0 91MiB/26GiB(0%) CN:16 DL:25MiB ETA:17m12s]
[#1e24c0 138MiB/26GiB(0%) CN:16 DL:30MiB ETA:14m36s]
[#1e24c0 179MiB/26GiB(0%) CN:16 DL:32MiB ETA:13m40s]
[#1e24c0 221MiB/26GiB(0%) CN:16 DL:33MiB ETA:13m3s]
[#1e24c0 279MiB/26GiB(1%) CN:16 DL:37MiB ETA:11m52s]
[#1e24c0 324MiB/26GiB(1%) CN:16 DL:38MiB ETA:11m33s]
[#1e24c0 393MiB/26GiB(1%) CN:16 DL:41MiB ETA:10m38s]
[#1e24c0 451MiB/26GiB(1%) CN:16 DL:46MiB ETA:9m19s]
[#1e24c0 505MiB/26GiB(1%) CN:16 DL:50MiB ETA:8m41s]
[#1e24c0 561MiB/26GiB(2%) CN:16 DL:52MiB ETA:8m19s]
[#1e24c0 608MiB/26GiB(2%) CN:16 DL:51MiB ETA:8m26s]
[#1e24c0 666MiB/26GiB(2%) CN:16 DL:54MiB ETA:8m2s]
[#1e24c0 718MiB/26GiB(2%) CN:16 DL:54MiB ETA:7m55s]
[#1e24c0 808MiB/26GiB(3%) CN:16 DL:59MiB ETA:7m12s]
[#1e24c0 908MiB/26GiB(3%) CN:16 DL:64MiB ETA:6m41s]
[#1e24c0 0.9GiB/26GiB(3%) CN:16 DL:62MiB ETA:6m50s]
[#1e24c0 0.9GiB/26GiB(3%) CN:16 DL:63MiB ETA:6m47s]
[#1e24c0 1.0GiB/26GiB(4%) CN:16 DL:62MiB ETA:6m48s]
[#1e24c0 1.1GiB/26GiB(4%) CN:16 DL:66MiB ETA:6m21s]
[#1e24c0 1.2GiB/26GiB(4%) CN:16 DL:70MiB ETA:5m59s]
[#1e24c0 1.2GiB/26GiB(4%) CN:16 DL:71MiB ETA:5m55s]
[#1e24c0 1.4GiB/26GiB(5%) CN:16 DL:81MiB ETA:5m9s]
[#1e24c0 1.4GiB/26GiB(5%) CN:16 DL:78MiB ETA:5m19s]
[#1e24c0 1.5GiB/26GiB(5%) CN:16 DL:78MiB ETA:5m18s]
[#1e24c0 1.6GiB/26GiB(6%) CN:16 DL:76MiB ETA:5m29s]
[#1e24c0 1.6GiB/26GiB(6%) CN:16 DL:77MiB ETA:5m23s]
[#1e24c0 1.7GiB/26GiB(6%) CN:16 DL:76MiB ETA:5m24s]
[#1e24c0 1.7GiB/26GiB(6%) CN:16 DL:73MiB ETA:5m39s]
[#1e24c0 1.8GiB/26GiB(7%) CN:16 DL:74MiB ETA:5m34s]
[#1e24c0 1.9GiB/26GiB(7%) CN:16 DL:72MiB ETA:5m42s]
[#1e24c0 1.9GiB/26GiB(7%) CN:16 DL:62MiB ETA:6m36s]
[#1e24c0 2.0GiB/26GiB(7%) CN:16 DL:61MiB ETA:6m44s]
[#1e24c0 2.0GiB/26GiB(7%) CN:16 DL:59MiB ETA:6m52s]
[#1e24c0 2.1GiB/26GiB(8%) CN:16 DL:58MiB ETA:6m58s]
[#1e24c0 2.1GiB/26GiB(8%) CN:16 DL:57MiB ETA:7m3s]
[#1e24c0 2.2GiB/26GiB(8%) CN:16 DL:63MiB ETA:6m25s]
[#1e24c0 2.4GiB/26GiB(9%) CN:16 DL:72MiB ETA:5m36s]
[#1e24c0 2.4GiB/26GiB(9%) CN:16 DL:68MiB ETA:5m55s]
[#1e24c0 2.5GiB/26GiB(9%) CN:16 DL:68MiB ETA:5m52s]
[#1e24c0 2.5GiB/26GiB(9%) CN:16 DL:71MiB ETA:5m35s]
[#1e24c0 2.6GiB/26GiB(10%) CN:16 DL:77MiB ETA:5m8s]
[#1e24c0 2.7GiB/26GiB(10%) CN:16 DL:78MiB ETA:5m6s]
[#1e24c0 2.8GiB/26GiB(10%) CN:16 DL:76MiB ETA:5m9s]
[#1e24c0 2.8GiB/26GiB(11%) CN:16 DL:78MiB ETA:5m1s]
[#1e24c0 2.9GiB/26GiB(11%) CN:16 DL:79MiB ETA:4m58s]
[#1e24c0 3.0GiB/26GiB(11%) CN:16 DL:74MiB ETA:5m18s]
[#1e24c0 3.1GiB/26GiB(12%) CN:16 DL:81MiB ETA:4m49s]
[#1e24c0 3.2GiB/26GiB(12%) CN:16 DL:80MiB ETA:4m49s]
[#1e24c0 3.2GiB/26GiB(12%) CN:16 DL:78MiB ETA:4m55s]
[#1e24c0 3.4GiB/26GiB(13%) CN:16 DL:81MiB ETA:4m43s]
[#1e24c0 3.4GiB/26GiB(13%) CN:16 DL:83MiB ETA:4m36s]
[#1e24c0 3.5GiB/26GiB(13%) CN:16 DL:87MiB ETA:4m23s]
[#1e24c0 3.6GiB/26GiB(13%) CN:16 DL:85MiB ETA:4m27s]
[#1e24c0 3.7GiB/26GiB(14%) CN:16 DL:84MiB ETA:4m32s]
[#1e24c0 3.7GiB/26GiB(14%) CN:16 DL:81MiB ETA:4m39s]
[#1e24c0 3.8GiB/26GiB(14%) CN:16 DL:80MiB ETA:4m42s]
[#1e24c0 3.9GiB/26GiB(15%) CN:16 DL:78MiB ETA:4m49s]
 *** Download Progress Summary as of Tue Sep 29 19:19:28 2026 *** 
===============================================================================
[#1e24c0 3.9GiB/26GiB(15%) CN:16 DL:53MiB ETA:7m6s]
FILE: /home/kerem/conrad-v2/artifacts/data/public.subpipe_full/raw/SubPipe.zip
-------------------------------------------------------------------------------

[#1e24c0 3.9GiB/26GiB(15%) CN:16 DL:53MiB ETA:7m6s]
[#1e24c0 4.0GiB/26GiB(15%) CN:16 DL:60MiB ETA:6m10s]
[#1e24c0 4.1GiB/26GiB(15%) CN:16 DL:60MiB ETA:6m14s]
[#1e24c0 4.2GiB/26GiB(16%) CN:16 DL:59MiB ETA:6m13s]
[#1e24c0 4.2GiB/26GiB(16%) CN:16 DL:58MiB ETA:6m23s]
[#1e24c0 4.3GiB/26GiB(16%) CN:16 DL:63MiB ETA:5m48s]
[#1e24c0 4.4GiB/26GiB(17%) CN:16 DL:65MiB ETA:5m37s]
[#1e24c0 4.5GiB/26GiB(17%) CN:16 DL:64MiB ETA:5m42s]
[#1e24c0 4.6GiB/26GiB(17%) CN:16 DL:89MiB ETA:4m6s]
[#1e24c0 4.6GiB/26GiB(18%) CN:16 DL:85MiB ETA:4m15s]
[#1e24c0 4.7GiB/26GiB(18%) CN:16 DL:83MiB ETA:4m21s]
[#1e24c0 4.8GiB/26GiB(18%) CN:16 DL:75MiB ETA:4m50s]
[#1e24c0 4.8GiB/26GiB(18%) CN:16 DL:74MiB ETA:4m50s]
[#1e24c0 4.9GiB/26GiB(19%) CN:16 DL:76MiB ETA:4m41s]
[#1e24c0 5.0GiB/26GiB(19%) CN:16 DL:82MiB ETA:4m21s]
[#1e24c0 5.1GiB/26GiB(19%) CN:16 DL:77MiB ETA:4m35s]
[#1e24c0 5.2GiB/26GiB(19%) CN:16 DL:75MiB ETA:4m45s]
[#1e24c0 5.2GiB/26GiB(20%) CN:16 DL:74MiB ETA:4m45s]
[#1e24c0 5.3GiB/26GiB(20%) CN:16 DL:74MiB ETA:4m44s]
[#1e24c0 5.4GiB/26GiB(20%) CN:16 DL:77MiB ETA:4m33s]
[#1e24c0 5.5GiB/26GiB(21%) CN:16 DL:78MiB ETA:4m29s]
[#1e24c0 5.6GiB/26GiB(21%) CN:16 DL:81MiB ETA:4m15s]
[#1e24c0 5.6GiB/26GiB(21%) CN:16 DL:82MiB ETA:4m13s]
[#1e24c0 5.7GiB/26GiB(22%) CN:16 DL:81MiB ETA:4m14s]
[#1e24c0 5.8GiB/26GiB(22%) CN:16 DL:76MiB ETA:4m32s]
[#1e24c0 5.8GiB/26GiB(22%) CN:16 DL:76MiB ETA:4m30s]
[#1e24c0 5.9GiB/26GiB(22%) CN:16 DL:77MiB ETA:4m27s]
[#1e24c0 6.0GiB/26GiB(23%) CN:16 DL:77MiB ETA:4m23s]
[#1e24c0 6.1GiB/26GiB(23%) CN:16 DL:78MiB ETA:4m21s]
[#1e24c0 6.2GiB/26GiB(23%) CN:16 DL:78MiB ETA:4m20s]
[#1e24c0 6.2GiB/26GiB(24%) CN:16 DL:78MiB ETA:4m19s]
[#1e24c0 6.3GiB/26GiB(24%) CN:16 DL:76MiB ETA:4m23s]
[#1e24c0 6.4GiB/26GiB(24%) CN:16 DL:76MiB ETA:4m24s]
[#1e24c0 6.4GiB/26GiB(24%) CN:16 DL:76MiB ETA:4m23s]
[#1e24c0 6.5GiB/26GiB(25%) CN:16 DL:77MiB ETA:4m17s]
[#1e24c0 6.6GiB/26GiB(25%) CN:16 DL:79MiB ETA:4m10s]
[#1e24c0 6.7GiB/26GiB(25%) CN:16 DL:79MiB ETA:4m8s]
[#1e24c0 6.7GiB/26GiB(26%) CN:16 DL:76MiB ETA:4m18s]
[#1e24c0 6.8GiB/26GiB(26%) CN:16 DL:75MiB ETA:4m22s]
[#1e24c0 6.9GiB/26GiB(26%) CN:16 DL:72MiB ETA:4m29s]
[#1e24c0 6.9GiB/26GiB(26%) CN:16 DL:73MiB ETA:4m26s]
[#1e24c0 7.0GiB/26GiB(27%) CN:16 DL:73MiB ETA:4m25s]
[#1e24c0 7.1GiB/26GiB(27%) CN:16 DL:74MiB ETA:4m18s]
[#1e24c0 7.2GiB/26GiB(27%) CN:16 DL:80MiB ETA:4m]
[#1e24c0 7.3GiB/26GiB(28%) CN:16 DL:82MiB ETA:3m52s]
[#1e24c0 7.4GiB/26GiB(28%) CN:16 DL:80MiB ETA:3m57s]
[#1e24c0 7.5GiB/26GiB(28%) CN:16 DL:83MiB ETA:3m47s]
[#1e24c0 7.6GiB/26GiB(29%) CN:16 DL:91MiB ETA:3m26s]
[#1e24c0 7.7GiB/26GiB(29%) CN:16 DL:98MiB ETA:3m10s]
[#1e24c0 7.8GiB/26GiB(30%) CN:16 DL:98MiB ETA:3m9s]
[#1e24c0 7.9GiB/26GiB(30%) CN:16 DL:101MiB ETA:3m2s]
[#1e24c0 8.0GiB/26GiB(30%) CN:16 DL:100MiB ETA:3m2s]
[#1e24c0 8.1GiB/26GiB(31%) CN:16 DL:101MiB ETA:3m1s]
[#1e24c0 8.1GiB/26GiB(31%) CN:16 DL:94MiB ETA:3m14s]
[#1e24c0 8.2GiB/26GiB(31%) CN:16 DL:93MiB ETA:3m15s]
[#1e24c0 8.3GiB/26GiB(31%) CN:16 DL:90MiB ETA:3m20s]
[#1e24c0 8.3GiB/26GiB(32%) CN:16 DL:88MiB ETA:3m24s]
[#1e24c0 8.4GiB/26GiB(32%) CN:16 DL:77MiB ETA:3m54s]
[#1e24c0 8.5GiB/26GiB(32%) CN:16 DL:56MiB ETA:5m15s]
 *** Download Progress Summary as of Tue Sep 29 19:20:28 2026 *** 
===============================================================================
[#1e24c0 8.6GiB/26GiB(33%) CN:16 DL:64MiB ETA:4m38s]
FILE: /home/kerem/conrad-v2/artifacts/data/public.subpipe_full/raw/SubPipe.zip
-------------------------------------------------------------------------------

[#1e24c0 8.6GiB/26GiB(33%) CN:16 DL:64MiB ETA:4m38s]
[#1e24c0 8.8GiB/26GiB(33%) CN:16 DL:77MiB ETA:3m46s]
[#1e24c0 8.9GiB/26GiB(34%) CN:16 DL:73MiB ETA:3m59s]
[#1e24c0 8.9GiB/26GiB(34%) CN:16 DL:71MiB ETA:4m4s]
[#1e24c0 9.0GiB/26GiB(34%) CN:16 DL:71MiB ETA:4m4s]
[#1e24c0 9.0GiB/26GiB(34%) CN:16 DL:68MiB ETA:4m14s]
[#1e24c0 9.1GiB/26GiB(35%) CN:16 DL:69MiB ETA:4m8s]
[#1e24c0 9.1GiB/26GiB(35%) CN:16 DL:85MiB ETA:3m21s]
[#1e24c0 9.2GiB/26GiB(35%) CN:16 DL:82MiB ETA:3m28s]
[#1e24c0 9.3GiB/26GiB(35%) CN:16 DL:80MiB ETA:3m34s]
[#1e24c0 9.3GiB/26GiB(35%) CN:16 DL:72MiB ETA:3m57s]
[#1e24c0 9.4GiB/26GiB(36%) CN:16 DL:58MiB ETA:4m51s]
[#1e24c0 9.4GiB/26GiB(36%) CN:16 DL:59MiB ETA:4m47s]
[#1e24c0 9.5GiB/26GiB(36%) CN:16 DL:60MiB ETA:4m41s]
[#1e24c0 9.6GiB/26GiB(36%) CN:16 DL:64MiB ETA:4m20s]
[#1e24c0 9.7GiB/26GiB(37%) CN:16 DL:66MiB ETA:4m11s]
[#1e24c0 9.8GiB/26GiB(37%) CN:16 DL:68MiB ETA:4m1s]
[#1e24c0 9.9GiB/26GiB(37%) CN:16 DL:73MiB ETA:3m45s]
[#1e24c0 9.9GiB/26GiB(38%) CN:16 DL:76MiB ETA:3m36s]
[#1e24c0 10GiB/26GiB(38%) CN:16 DL:83MiB ETA:3m15s]
[#1e24c0 10GiB/26GiB(39%) CN:16 DL:86MiB ETA:3m8s]
[#1e24c0 10GiB/26GiB(39%) CN:16 DL:87MiB ETA:3m4s]
[#1e24c0 10GiB/26GiB(39%) CN:16 DL:89MiB ETA:2m59s]
[#1e24c0 10GiB/26GiB(39%) CN:16 DL:90MiB ETA:2m58s]
[#1e24c0 10GiB/26GiB(40%) CN:16 DL:85MiB ETA:3m6s]
[#1e24c0 10GiB/26GiB(40%) CN:16 DL:84MiB ETA:3m9s]
[#1e24c0 10GiB/26GiB(40%) CN:16 DL:81MiB ETA:3m13s]
[#1e24c0 10GiB/26GiB(40%) CN:16 DL:79MiB ETA:3m19s]
[#1e24c0 10GiB/26GiB(41%) CN:16 DL:76MiB ETA:3m24s]
[#1e24c0 10GiB/26GiB(41%) CN:16 DL:70MiB ETA:3m43s]
[#1e24c0 10GiB/26GiB(41%) CN:16 DL:65MiB ETA:3m56s]
[#1e24c0 10GiB/26GiB(41%) CN:16 DL:66MiB ETA:3m55s]
[#1e24c0 11GiB/26GiB(42%) CN:16 DL:71MiB ETA:3m35s]
[#1e24c0 11GiB/26GiB(42%) CN:16 DL:72MiB ETA:3m32s]
[#1e24c0 11GiB/26GiB(42%) CN:16 DL:73MiB ETA:3m27s]
[#1e24c0 11GiB/26GiB(43%) CN:16 DL:72MiB ETA:3m30s]
[#1e24c0 11GiB/26GiB(43%) CN:16 DL:72MiB ETA:3m28s]
[#1e24c0 11GiB/26GiB(43%) CN:16 DL:74MiB ETA:3m21s]
[#1e24c0 11GiB/26GiB(43%) CN:16 DL:75MiB ETA:3m18s]
[#1e24c0 11GiB/26GiB(44%) CN:16 DL:76MiB ETA:3m13s]
[#1e24c0 11GiB/26GiB(44%) CN:16 DL:79MiB ETA:3m5s]
[#1e24c0 11GiB/26GiB(44%) CN:16 DL:81MiB ETA:2m59s]
[#1e24c0 11GiB/26GiB(45%) CN:16 DL:74MiB ETA:3m15s]
[#1e24c0 11GiB/26GiB(45%) CN:16 DL:73MiB ETA:3m17s]
[#1e24c0 11GiB/26GiB(45%) CN:16 DL:72MiB ETA:3m20s]
[#1e24c0 11GiB/26GiB(45%) CN:16 DL:73MiB ETA:3m15s]
[#1e24c0 12GiB/26GiB(46%) CN:16 DL:73MiB ETA:3m15s]
[#1e24c0 12GiB/26GiB(46%) CN:16 DL:72MiB ETA:3m18s]
[#1e24c0 12GiB/26GiB(46%) CN:16 DL:71MiB ETA:3m18s]
[#1e24c0 12GiB/26GiB(46%) CN:16 DL:72MiB ETA:3m15s]
[#1e24c0 12GiB/26GiB(47%) CN:16 DL:67MiB ETA:3m28s]
[#1e24c0 12GiB/26GiB(47%) CN:16 DL:68MiB ETA:3m25s]
[#1e24c0 12GiB/26GiB(47%) CN:16 DL:70MiB ETA:3m19s]
[#1e24c0 12GiB/26GiB(47%) CN:16 DL:70MiB ETA:3m15s]
[#1e24c0 12GiB/26GiB(48%) CN:16 DL:74MiB ETA:3m6s]
[#1e24c0 12GiB/26GiB(48%) CN:16 DL:75MiB ETA:3m1s]
[#1e24c0 12GiB/26GiB(48%) CN:16 DL:76MiB ETA:2m57s]
[#1e24c0 12GiB/26GiB(49%) CN:16 DL:77MiB ETA:2m54s]
[#1e24c0 12GiB/26GiB(49%) CN:16 DL:64MiB ETA:3m31s]
[#1e24c0 13GiB/26GiB(49%) CN:16 DL:75MiB ETA:2m57s]
 *** Download Progress Summary as of Tue Sep 29 19:21:29 2026 *** 
===============================================================================
[#1e24c0 13GiB/26GiB(50%) CN:16 DL:75MiB ETA:2m56s]
FILE: /home/kerem/conrad-v2/artifacts/data/public.subpipe_full/raw/SubPipe.zip
-------------------------------------------------------------------------------

[#1e24c0 13GiB/26GiB(50%) CN:16 DL:75MiB ETA:2m56s]
[#1e24c0 13GiB/26GiB(50%) CN:16 DL:75MiB ETA:2m55s]
[#1e24c0 13GiB/26GiB(50%) CN:16 DL:71MiB ETA:3m5s]
[#1e24c0 13GiB/26GiB(50%) CN:16 DL:70MiB ETA:3m6s]
[#1e24c0 13GiB/26GiB(51%) CN:16 DL:66MiB ETA:3m14s]
[#1e24c0 13GiB/26GiB(51%) CN:16 DL:64MiB ETA:3m20s]
[#1e24c0 13GiB/26GiB(51%) CN:16 DL:79MiB ETA:2m43s]
[#1e24c0 13GiB/26GiB(51%) CN:16 DL:78MiB ETA:2m44s]
[#1e24c0 13GiB/26GiB(52%) CN:16 DL:77MiB ETA:2m45s]
[#1e24c0 13GiB/26GiB(52%) CN:16 DL:71MiB ETA:2m56s]
[#1e24c0 13GiB/26GiB(52%) CN:16 DL:71MiB ETA:2m56s]
[#1e24c0 13GiB/26GiB(53%) CN:16 DL:70MiB ETA:2m57s]
[#1e24c0 13GiB/26GiB(53%) CN:16 DL:72MiB ETA:2m51s]
[#1e24c0 13GiB/26GiB(53%) CN:16 DL:72MiB ETA:2m49s]
[#1e24c0 14GiB/26GiB(54%) CN:16 DL:76MiB ETA:2m41s]
[#1e24c0 14GiB/26GiB(54%) CN:16 DL:76MiB ETA:2m40s]
[#1e24c0 14GiB/26GiB(54%) CN:16 DL:76MiB ETA:2m39s]
[#1e24c0 14GiB/26GiB(54%) CN:16 DL:75MiB ETA:2m39s]
[#1e24c0 14GiB/26GiB(55%) CN:16 DL:76MiB ETA:2m36s]
[#1e24c0 14GiB/26GiB(55%) CN:16 DL:71MiB ETA:2m47s]
[#1e24c0 14GiB/26GiB(55%) CN:16 DL:73MiB ETA:2m40s]
[#1e24c0 14GiB/26GiB(55%) CN:16 DL:73MiB ETA:2m40s]
[#1e24c0 14GiB/26GiB(56%) CN:16 DL:71MiB ETA:2m43s]
[#1e24c0 14GiB/26GiB(56%) CN:16 DL:74MiB ETA:2m36s]
[#1e24c0 14GiB/26GiB(56%) CN:16 DL:72MiB ETA:2m39s]
[#1e24c0 14GiB/26GiB(57%) CN:16 DL:74MiB ETA:2m33s]
[#1e24c0 14GiB/26GiB(57%) CN:16 DL:77MiB ETA:2m26s]
[#1e24c0 15GiB/26GiB(57%) CN:16 DL:78MiB ETA:2m24s]
[#1e24c0 15GiB/26GiB(57%) CN:16 DL:76MiB ETA:2m27s]
[#1e24c0 15GiB/26GiB(58%) CN:16 DL:82MiB ETA:2m15s]
[#1e24c0 15GiB/26GiB(58%) CN:16 DL:82MiB ETA:2m13s]
[#1e24c0 15GiB/26GiB(58%) CN:16 DL:84MiB ETA:2m10s]
[#1e24c0 15GiB/26GiB(59%) CN:16 DL:83MiB ETA:2m10s]
[#1e24c0 15GiB/26GiB(59%) CN:16 DL:80MiB ETA:2m13s]
[#1e24c0 15GiB/26GiB(59%) CN:16 DL:78MiB ETA:2m16s]
[#1e24c0 15GiB/26GiB(59%) CN:16 DL:78MiB ETA:2m17s]
[#1e24c0 15GiB/26GiB(60%) CN:16 DL:78MiB ETA:2m14s]
[#1e24c0 15GiB/26GiB(60%) CN:16 DL:79MiB ETA:2m13s]
[#1e24c0 15GiB/26GiB(60%) CN:16 DL:78MiB ETA:2m12s]
[#1e24c0 15GiB/26GiB(61%) CN:16 DL:75MiB ETA:2m17s]
[#1e24c0 16GiB/26GiB(61%) CN:16 DL:78MiB ETA:2m11s]
[#1e24c0 16GiB/26GiB(61%) CN:16 DL:77MiB ETA:2m12s]
[#1e24c0 16GiB/26GiB(62%) CN:16 DL:78MiB ETA:2m9s]
[#1e24c0 16GiB/26GiB(62%) CN:16 DL:87MiB ETA:1m54s]
[#1e24c0 16GiB/26GiB(63%) CN:16 DL:91MiB ETA:1m47s]
[#1e24c0 16GiB/26GiB(63%) CN:16 DL:90MiB ETA:1m48s]
[#1e24c0 16GiB/26GiB(63%) CN:16 DL:90MiB ETA:1m47s]
[#1e24c0 16GiB/26GiB(63%) CN:16 DL:93MiB ETA:1m42s]
[#1e24c0 16GiB/26GiB(64%) CN:16 DL:92MiB ETA:1m43s]
[#1e24c0 16GiB/26GiB(64%) CN:16 DL:88MiB ETA:1m47s]
[#1e24c0 16GiB/26GiB(64%) CN:16 DL:90MiB ETA:1m43s]
[#1e24c0 17GiB/26GiB(65%) CN:16 DL:104MiB ETA:1m27s]
[#1e24c0 17GiB/26GiB(65%) CN:16 DL:97MiB ETA:1m33s]
[#1e24c0 17GiB/26GiB(66%) CN:16 DL:93MiB ETA:1m36s]
[#1e24c0 17GiB/26GiB(66%) CN:16 DL:95MiB ETA:1m33s]
[#1e24c0 17GiB/26GiB(66%) CN:16 DL:99MiB ETA:1m28s]
[#1e24c0 17GiB/26GiB(67%) CN:16 DL:95MiB ETA:1m31s]
 *** Download Progress Summary as of Tue Sep 29 19:22:29 2026 *** 
===============================================================================
[#1e24c0 17GiB/26GiB(67%) CN:16 DL:44MiB ETA:3m14s]
FILE: /home/kerem/conrad-v2/artifacts/data/public.subpipe_full/raw/SubPipe.zip
-------------------------------------------------------------------------------

[#1e24c0 17GiB/26GiB(67%) CN:16 DL:44MiB ETA:3m14s]
[#1e24c0 17GiB/26GiB(67%) CN:16 DL:49MiB ETA:2m52s]
[#1e24c0 17GiB/26GiB(68%) CN:16 DL:48MiB ETA:2m56s]
[#1e24c0 17GiB/26GiB(68%) CN:16 DL:45MiB ETA:3m4s]
[#1e24c0 17GiB/26GiB(68%) CN:16 DL:46MiB ETA:3m]
[#1e24c0 18GiB/26GiB(69%) CN:16 DL:91MiB ETA:1m30s]
[#1e24c0 18GiB/26GiB(69%) CN:16 DL:95MiB ETA:1m24s]
[#1e24c0 18GiB/26GiB(69%) CN:16 DL:95MiB ETA:1m24s]
[#1e24c0 18GiB/26GiB(70%) CN:16 DL:99MiB ETA:1m19s]
[#1e24c0 18GiB/26GiB(70%) CN:16 DL:99MiB ETA:1m18s]
[#1e24c0 18GiB/26GiB(71%) CN:16 DL:98MiB ETA:1m18s]
[#1e24c0 18GiB/26GiB(71%) CN:16 DL:103MiB ETA:1m13s]
[#1e24c0 18GiB/26GiB(71%) CN:16 DL:104MiB ETA:1m12s]
[#1e24c0 18GiB/26GiB(72%) CN:16 DL:99MiB ETA:1m14s]
[#1e24c0 18GiB/26GiB(72%) CN:16 DL:103MiB ETA:1m10s]
[#1e24c0 19GiB/26GiB(72%) CN:16 DL:101MiB ETA:1m11s]
[#1e24c0 19GiB/26GiB(73%) CN:16 DL:95MiB ETA:1m15s]
[#1e24c0 19GiB/26GiB(73%) CN:16 DL:94MiB ETA:1m15s]
[#1e24c0 19GiB/26GiB(73%) CN:16 DL:89MiB ETA:1m18s]
[#1e24c0 19GiB/26GiB(73%) CN:16 DL:87MiB ETA:1m19s]
[#1e24c0 19GiB/26GiB(74%) CN:16 DL:91MiB ETA:1m14s]
[#1e24c0 19GiB/26GiB(74%) CN:16 DL:84MiB ETA:1m20s]
[#1e24c0 19GiB/26GiB(75%) CN:16 DL:87MiB ETA:1m16s]
[#1e24c0 19GiB/26GiB(75%) CN:16 DL:87MiB ETA:1m15s]
[#1e24c0 19GiB/26GiB(75%) CN:16 DL:85MiB ETA:1m15s]
[#1e24c0 19GiB/26GiB(76%) CN:16 DL:87MiB ETA:1m12s]
[#1e24c0 19GiB/26GiB(76%) CN:16 DL:89MiB ETA:1m10s]
[#1e24c0 20GiB/26GiB(76%) CN:16 DL:90MiB ETA:1m8s]
[#1e24c0 20GiB/26GiB(77%) CN:16 DL:91MiB ETA:1m6s]
[#1e24c0 20GiB/26GiB(77%) CN:16 DL:92MiB ETA:1m4s]
[#1e24c0 20GiB/26GiB(77%) CN:16 DL:85MiB ETA:1m9s]
[#1e24c0 20GiB/26GiB(77%) CN:16 DL:84MiB ETA:1m9s]
[#1e24c0 20GiB/26GiB(78%) CN:16 DL:86MiB ETA:1m7s]
[#1e24c0 20GiB/26GiB(78%) CN:16 DL:87MiB ETA:1m5s]
[#1e24c0 20GiB/26GiB(79%) CN:16 DL:91MiB ETA:1m]
[#1e24c0 20GiB/26GiB(79%) CN:16 DL:97MiB ETA:55s]
[#1e24c0 20GiB/26GiB(79%) CN:16 DL:94MiB ETA:56s]
[#1e24c0 20GiB/26GiB(80%) CN:16 DL:91MiB ETA:57s]
[#1e24c0 21GiB/26GiB(80%) CN:16 DL:92MiB ETA:56s]
[#1e24c0 21GiB/26GiB(80%) CN:16 DL:91MiB ETA:56s]
[#1e24c0 21GiB/26GiB(81%) CN:16 DL:91MiB ETA:55s]
[#1e24c0 21GiB/26GiB(81%) CN:16 DL:90MiB ETA:55s]
[#1e24c0 21GiB/26GiB(81%) CN:16 DL:88MiB ETA:55s]
[#1e24c0 21GiB/26GiB(81%) CN:16 DL:83MiB ETA:58s]
[#1e24c0 21GiB/26GiB(82%) CN:16 DL:82MiB ETA:57s]
[#1e24c0 21GiB/26GiB(82%) CN:16 DL:78MiB ETA:59s]
[#1e24c0 21GiB/26GiB(82%) CN:16 DL:79MiB ETA:57s]
[#1e24c0 21GiB/26GiB(83%) CN:16 DL:87MiB ETA:50s]
[#1e24c0 21GiB/26GiB(83%) CN:16 DL:85MiB ETA:50s]
[#1e24c0 21GiB/26GiB(84%) CN:16 DL:87MiB ETA:48s]
[#1e24c0 22GiB/26GiB(84%) CN:16 DL:97MiB ETA:42s]
[#1e24c0 22GiB/26GiB(84%) CN:16 DL:98MiB ETA:40s]
[#1e24c0 22GiB/26GiB(85%) CN:16 DL:99MiB ETA:39s]
[#1e24c0 22GiB/26GiB(85%) CN:16 DL:95MiB ETA:40s]
[#1e24c0 22GiB/26GiB(85%) CN:16 DL:94MiB ETA:40s]
[#1e24c0 22GiB/26GiB(85%) CN:16 DL:91MiB ETA:40s]
 *** Download Progress Summary as of Tue Sep 29 19:23:34 2026 *** 
===============================================================================
[#1e24c0 22GiB/26GiB(86%) CN:16 DL:3.6MiB ETA:17m1s]
FILE: /home/kerem/conrad-v2/artifacts/data/public.subpipe_full/raw/SubPipe.zip
-------------------------------------------------------------------------------

[#1e24c0 22GiB/26GiB(86%) CN:16 DL:3.6MiB ETA:17m1s]
[#1e24c0 22GiB/26GiB(86%) CN:16 DL:130MiB ETA:27s]
[#1e24c0 22GiB/26GiB(86%) CN:16 DL:98MiB ETA:35s]
[#1e24c0 22GiB/26GiB(87%) CN:16 DL:96MiB ETA:35s]
[#1e24c0 22GiB/26GiB(87%) CN:16 DL:97MiB ETA:33s]
[#1e24c0 23GiB/26GiB(88%) CN:16 DL:111MiB ETA:28s]
[#1e24c0 23GiB/26GiB(88%) CN:16 DL:108MiB ETA:27s]
[#1e24c0 23GiB/26GiB(89%) CN:16 DL:110MiB ETA:26s]
[#1e24c0 23GiB/26GiB(89%) CN:16 DL:115MiB ETA:23s]
[#1e24c0 23GiB/26GiB(90%) CN:16 DL:117MiB ETA:22s]
[#1e24c0 23GiB/26GiB(90%) CN:16 DL:117MiB ETA:21s]
[#1e24c0 23GiB/26GiB(91%) CN:16 DL:117MiB ETA:20s]
[#1e24c0 23GiB/26GiB(91%) CN:16 DL:122MiB ETA:18s]
[#1e24c0 23GiB/26GiB(91%) CN:16 DL:124MiB ETA:17s]
[#1e24c0 24GiB/26GiB(92%) CN:16 DL:123MiB ETA:16s]
[#1e24c0 24GiB/26GiB(92%) CN:16 DL:113MiB ETA:17s]
[#1e24c0 24GiB/26GiB(92%) CN:16 DL:116MiB ETA:16s]
[#1e24c0 24GiB/26GiB(93%) CN:16 DL:116MiB ETA:15s]
[#1e24c0 24GiB/26GiB(93%) CN:16 DL:109MiB ETA:15s]
[#1e24c0 24GiB/26GiB(93%) CN:16 DL:101MiB ETA:15s]
[#1e24c0 24GiB/26GiB(94%) CN:16 DL:99MiB ETA:15s]
[#1e24c0 24GiB/26GiB(94%) CN:16 DL:94MiB ETA:15s]
[#1e24c0 24GiB/26GiB(94%) CN:16 DL:91MiB ETA:14s]
[#1e24c0 24GiB/26GiB(95%) CN:16 DL:93MiB ETA:13s]
[#1e24c0 24GiB/26GiB(95%) CN:16 DL:96MiB ETA:11s]
[#1e24c0 25GiB/26GiB(96%) CN:16 DL:93MiB ETA:11s]
[#1e24c0 25GiB/26GiB(96%) CN:16 DL:91MiB ETA:10s]
[#1e24c0 25GiB/26GiB(96%) CN:15 DL:90MiB ETA:9s]
[#1e24c0 25GiB/26GiB(97%) CN:15 DL:94MiB ETA:7s]
[#1e24c0 25GiB/26GiB(97%) CN:12 DL:98MiB ETA:6s]
[#1e24c0 25GiB/26GiB(97%) CN:12 DL:94MiB ETA:6s]
[#1e24c0 25GiB/26GiB(98%) CN:12 DL:94MiB ETA:5s]
[#1e24c0 25GiB/26GiB(98%) CN:9 DL:103MiB ETA:3s]
[#1e24c0 25GiB/26GiB(98%) CN:8 DL:91MiB ETA:3s]
[#1e24c0 25GiB/26GiB(98%) CN:8 DL:86MiB ETA:3s]
[#1e24c0 25GiB/26GiB(99%) CN:6 DL:88MiB ETA:2s]
[#1e24c0 25GiB/26GiB(99%) CN:5 DL:82MiB ETA:1s]
[#1e24c0 26GiB/26GiB(99%) CN:3 DL:79MiB]
[#1e24c0 26GiB/26GiB(99%) CN:3 DL:65MiB]
[#1e24c0 26GiB/26GiB(99%) CN:3 DL:59MiB]
[#1e24c0 26GiB/26GiB(99%) CN:3 DL:54MiB]
[#1e24c0 26GiB/26GiB(99%) CN:1 DL:40MiB]
[#1e24c0 26GiB/26GiB(99%) CN:1 DL:32MiB]
[#1e24c0 26GiB/26GiB(99%) CN:1 DL:29MiB]

Download Results:
gid   |stat|avg speed  |path/URI
======+====+===========+=======================================================
1e24c0|OK  |    76MiB/s|/home/kerem/conrad-v2/artifacts/data/public.subpipe_full/raw/SubPipe.zip

Status Legend:
(OK):download completed.
DL_DONE
