{
  "best_checkpoint": "artifacts/runs/bench1000-nonpromotable-20260929T153414Z/checkpoints/best.pt",
  "best_rank": 4.064913272857666,
  "data_scope": "SubPipe rendered side-scan sonar only",
  "decision": "NO-GO",
  "family_count": 15,
  "gate_id": "OSFM-V11-10P-FORMAL-TRAINER",
  "last_checkpoint": "artifacts/runs/bench1000-nonpromotable-20260929T153414Z/checkpoints/last.pt",
  "payloads": {
    "blockers": [],
    "decision": "PASS",
    "gate_id": "OSFM-V11-10P-PAYLOAD-PREFLIGHT",
    "payloads": [
      {
        "actual_sha256": "b2dfc162c1d72e4363643b516b6566eb0f11ca4a874f9674fc5b06f1ddf85696",
        "expected_sha256": "b2dfc162c1d72e4363643b516b6566eb0f11ca4a874f9674fc5b06f1ddf85696",
        "id": "upstream_checkpoint",
        "path": "artifacts/runs/train-osfm_u1_sonar_research-1790575109765916596/checkpoints/osfm_u1_sonar_research_full.pt",
        "present": true,
        "sha256_ok": true
      },
      {
        "actual_sha256": "a3068be28471786c726cd6100e0b1d92d1c17615a4dcfe7f5544ba758821188f",
        "expected_sha256": "a3068be28471786c726cd6100e0b1d92d1c17615a4dcfe7f5544ba758821188f",
        "id": "subpipe_dataset",
        "path": "artifacts/data/public.subpipe/raw/SubPipeMini2.zip",
        "present": true,
        "sha256_ok": true
      }
    ]
  },
  "rank_floor": 75.0,
  "registered_modality_count": 829,
  "run_dir": "artifacts/runs/bench1000-nonpromotable-20260929T153414Z",
  "semantic_claim": "data-backed active acoustic training only; 829 registry remains interface coverage",
  "status": "VALIDATED-RUN",
  "steps_completed": 1000
}
