{
  "decision": "OWNER_OVERRIDE",
  "override": {
    "readiness_decision": "NOT READY FOR KEREM",
    "overridden_blockers": [
      {
        "id": 2,
        "title": "current V1.1 is 307M-class architecture",
        "evidence": "UniversalOSFMV11 parameter_count.total=307668737; branch=kerem/v11-p4-patch-vicreg-trainer"
      },
      {
        "id": 4,
        "title": "P4/P4.8/10P training entrypoint and frozen config",
        "evidence": "config=configs/train/osfm/v11_p4_10p_829_semantic_candidate.yaml; protocol=configs/train/osfm/v11_p4_10p_3am_launch_protocol.yaml; formal_training_allowed=False; launch_command_registered=True; launch_is_preflight_only=False; reviewed_trainer_registered=False"
      },
      {
        "id": 8,
        "title": "checkpointing/resume and output directories",
        "evidence": "10P config declares checkpoint cadence and reload gates, but no formal trainer/resume implementation is registered."
      }
    ],
    "authorized_by": "Kerem (repository owner); reviewer Burak unavailable",
    "authorized_on": "2026-09-29",
    "reason": "reviewed trainer benchmarked NO-GO (val rank 4.06 < 75); Kerem variant trainer launched instead"
  }
}
╭───────────────────── Traceback (most recent call last) ──────────────────────╮
│ /home/kerem/conrad-v2/conrad/cli/commands.py:331 in                          │
│ train_osfm_v11_10p_launch                                                    │
│                                                                              │
│   328 │   │   raise typer.Exit(3)                                            │
│   329 │   from conrad.foundation.universal_v11.trainer import                │
│       run_v11_10p_training                                                   │
│   330 │                                                                      │
│ ❱ 331 │   result = run_v11_10p_training(                                     │
│   332 │   │   config_path=config,                                            │
│   333 │   │   readiness_path=readiness,                                      │
│   334 │   │   runs_root=runs_root,                                           │
│                                                                              │
│ /home/kerem/conrad-v2/conrad/foundation/universal_v11/trainer.py:441 in      │
│ run_v11_10p_training                                                         │
│                                                                              │
│   438 │   │   │   model.train()                                              │
│   439 │   │   │   payload, sample_ids = batcher.batch(batcher.train_refs,    │
│       step)                                                                  │
│   440 │   │   │   train_sample_ids.update(sample_ids)                        │
│ ❱ 441 │   │   │   z_a, z_b = _two_view_forward(payload, step)                │
│   442 │   │   │   terms = _vicreg_terms(z_a, z_b, rank_floor)                │
│   443 │   │   │   loss = terms["total"]                                      │
│   444 │   │   │   if not torch.isfinite(loss):                               │
│                                                                              │
│ /home/kerem/conrad-v2/conrad/foundation/universal_v11/trainer.py:416 in      │
│ _two_view_forward                                                            │
│                                                                              │
│   413 │   aug_gen = torch.Generator().manual_seed(seed + 17)                 │
│   414 │                                                                      │
│   415 │   def _two_view_forward(payload: torch.Tensor, step: int) ->         │
│       tuple[torch.Tensor, torch.Tensor]:                                     │
│ ❱ 416 │   │   view_a = _augment(payload, aug_gen)                            │
│   417 │   │   view_b = _augment(payload, aug_gen)                            │
│   418 │   │   both = torch.cat([view_a, view_b], dim=0)                      │
│   419 │   │   with torch.autocast(device_type=device.type,                   │
│       dtype=torch.bfloat16, enabled=use_bf16):                               │
│                                                                              │
│ /home/kerem/conrad-v2/conrad/foundation/universal_v11/trainer.py:176 in      │
│ _augment                                                                     │
│                                                                              │
│   173 │   device = payload.device                                            │
│   174 │   gain = 0.8 + 0.4 * torch.rand((batch, 1, 1),                       │
│       generator=generator).to(device)                                        │
│   175 │   speckle = 1.0 + 0.10 * torch.randn(payload.shape,                  │
│       generator=generator).to(device)                                        │
│ ❱ 176 │   noise = 0.03 * torch.randn(payload.shape,                          │
│       generator=generator).to(device)                                        │
│   177 │   keep = (torch.rand((batch, tokens, 1), generator=generator) >=     │
│       TOKEN_MASK_FRACTION).to(device)                                        │
│   178 │   return ((payload * gain * speckle + noise).clamp(0.0, 1.0) *       │
│       keep).float()                                                          │
│   179                                                                        │
│                                                                              │
│ /home/kerem/conrad-v2/conrad/foundation/universal_v11/trainer.py:431 in      │
│ _on_sigterm                                                                  │
│                                                                              │
│   428 │   t_last, step_last = t_start, start_step                            │
│   429 │                                                                      │
│   430 │   def _on_sigterm(signum: int, frame: Any) -> None:  # watchdog stop │
│       -> sealed FAILED run, not a torn one                                   │
│ ❱ 431 │   │   raise RuntimeError("terminated by SIGTERM (external            │
│       watchdog)")                                                            │
│   432 │                                                                      │
│   433 │   import signal                                                      │
│   434                                                                        │
╰──────────────────────────────────────────────────────────────────────────────╯
RuntimeError: terminated by SIGTERM (external watchdog)
